<html>
<body>
<pre>
<h1>µVision Build Log</h1>
<h2>Tool Versions:</h2>
IDE-Version: ¦ÌVision V5.14.0.0
Copyright (C) 2015 ARM Ltd and ARM Germany GmbH. All rights reserved.
License Information: dfsad da, dfas, LIC=FQQEV-P3UPP-ZDGK6-DB754-VSY4F-VSYIJ
 
Tool Versions:
Toolchain:       MDK-ARM Professional  Version: 5.14.0.0
Toolchain Path:  G:\keil5\ARM\ARM\ARMCC\Bin
C Compiler:      Armcc.exe V5.05 update 1 (build 106)
Assembler:       Armasm.exe V5.05 update 1 (build 106)
Linker/Locator:  ArmLink.exe V5.05 update 1 (build 106)
Library Manager: ArmAr.exe V5.05 update 1 (build 106)
Hex Converter:   FromElf.exe V5.05 update 1 (build 106)
CPU DLL:         SARMCM3.DLL V5.14.0.0
Dialog DLL:      DCM.DLL V1.13.1.0
Target DLL:      Segger\JL2CM3.dll V2.99.13.0
Dialog DLL:      TCM.DLL V1.14.4.0
 
<h2>Project:</h2>
C:\Users\Chamico\Desktop\Ungraduate\Intelligent-speech-technology-transfer-robot-based-on-STM32\USER\Template.uvprojx
Project File Date:  10/13/2018

<h2>Output:</h2>
Rebuild target 'Template'
compiling main.c...
compiling stm32f4xx_it.c...
compiling system_stm32f4xx.c...
assembling startup_stm32f40_41xxx.s...
compiling misc.c...
compiling stm32f4xx_can.c...
compiling stm32f4xx_gpio.c...
compiling stm32f4xx_rcc.c...
compiling stm32f4xx_usart.c...
compiling stm32f4xx_tim.c...
compiling delay.c...
compiling sys.c...
compiling usart.c...
compiling motor.c...
compiling servo.c...
compiling usart2.c...
linking...
Program Size: Code=4848 RO-data=424 RW-data=44 ZI-data=1836  
FromELF: creating hex file...
"..\OBJ\Template.axf" - 0 Error(s), 0 Warning(s).

<h2>Collection of Component include folders:</h2>
  C:\Users\Chamico\Desktop\Ungraduate\Intelligent-speech-technology-transfer-robot-based-on-STM32\USER\RTE
  G:\keil5\ARM\ARM\PACK\Keil\STM32F4xx_DFP\1.0.8\Device\Include

<h2>Collection of Component Files used:</h2>
</pre>
</body>
</html>
